// Jest Snapshot v1, https://goo.gl/fbAQLP

exports[`Filter serializes sort to query 1`] = `"sort[sort-created][path]=created"`;
