// Jest Snapshot v1, https://goo.gl/fbAQLP

exports[`User can login and fetch user information 1`] = `
Object {
  "csrf_token": "test_csrf_token",
  "current_user": Object {
    "name": "test_username",
    "uid": 1,
  },
}
`;
